WARNING: A restricted method in java.lang.System has been called
WARNING: java.lang.System::load has been called by net.rubygrapefruit.platform.internal.NativeLibraryLoader in an unnamed module (file:/home/marijn/.gradle/wrapper/dists/gradle-8.14.3-bin/cv11ve7ro1n3o1j4so8xd9n66/gradle-8.14.3/lib/native-platform-0.22-milestone-28.jar)
WARNING: Use --enable-native-access=ALL-UNNAMED to avoid a warning for callers in this module
WARNING: Restricted methods will be blocked in a future release unless native access is enabled

> Task :checkKotlinGradlePluginConfigurationErrors
> Task :processResources UP-TO-DATE
> Task :processTestResources NO-SOURCE

> Task :compileKotlin
w: file:///mnt/files/Workspaces/workspace-kotlin/SneakyPoses/src/main/kotlin/com/sneakyposes/util/PacketManager.kt:149:73 Unchecked cast: Class<*>! to Class<out Enum<*>>
w: file:///mnt/files/Workspaces/workspace-kotlin/SneakyPoses/src/main/kotlin/com/sneakyposes/util/PacketManager.kt:290:33 Variable 'addPlayerPacketClass' is never used

> Task :compileJava NO-SOURCE
> Task :classes UP-TO-DATE
> Task :jar
> Task :assemble
> Task :compileTestKotlin NO-SOURCE
> Task :compileTestJava NO-SOURCE
> Task :testClasses UP-TO-DATE
> Task :test NO-SOURCE
> Task :check UP-TO-DATE
> Task :build

[Incubating] Problems report is available at: file:///mnt/files/Workspaces/workspace-kotlin/SneakyPoses/build/reports/problems/problems-report.html

Deprecated Gradle features were used in this build, making it incompatible with Gradle 9.0.

You can use '--warning-mode all' to show the individual deprecation warnings and determine if they come from your own scripts or plugins.

For more on this, please refer to https://docs.gradle.org/8.14.3/userguide/command_line_interface.html#sec:command_line_warnings in the Gradle documentation.

BUILD SUCCESSFUL in 1s
4 actionable tasks: 3 executed, 1 up-to-date
